LOAD #15
STORE 3
LOAD #10
STORE @3
INC 3
DEC 3
LOAD @3
STORE 14
LOAD 3
STORE 4
LOAD #0
STORE @3
INC 3
DEC 3
LOAD @3
STORE 11
LOAD #1
STORE @3
INC 3
DEC 3
LOAD @3
STORE 10
LOAD 10
STORE @3
INC 3
LOAD 14
STORE @3
INC 3
DEC 3
LOAD @3
DEC 3 
SUB @3
JUML 65
NOP
LOAD 10
STORE @3
INC 3
LOAD 11
STORE @3
INC 3
DEC 3
LOAD @3
DEC 3 
ADD @3 
STORE @3
INC 3
DEC 3
LOAD @3
STORE 11
LOAD #1
STORE @3
INC 3
LOAD 10
STORE @3
INC 3
DEC 3
LOAD @3
DEC 3 
ADD @3 
STORE @3
INC 3
DEC 3
LOAD @3
STORE 10
JUMP 22
LOAD 4
STORE 3
LOAD 14
STORE @3
INC 3
DEC 3
LOAD @3
STORE 13
NOP
